domain:youtubefanfest.com
domain:youtube.pa
domain:youtube.com.sv
domain:youtube.by
domain:youtube.hr
domain:youtube.com.mx
domain:telegra.ph
domain:youtube.co.kr
domain:telega.one
domain:youtube.com.tw
domain:youtube.tv
domain:youtube.es
domain:youtube.lu
domain:youtube.com.lv
domain:youtube.com.do
domain:youtube.co.ma
domain:youtube.co.uk
domain:youtube.gt
domain:youtube.com.hn
domain:tg.dev
domain:youtube.co.th
domain:youtube.co.tz
domain:youtube.com.es
domain:comments.app
domain:youtube.com.om
domain:youtube.pr
domain:tx.me
domain:api.imem.app
domain:youtube.ph
domain:youtubego.com.br
domain:youtube.sv
domain:youtube.fi
domain:youtube.lv
domain:api.swiftgram.app
domain:tdesktop.com
domain:youtube.co.ae
domain:youtube.com.co
domain:youtube.com.kw
domain:youtube.com.tr
domain:youtube.com.ni
domain:youtube.fr
domain:youtube.rs
domain:youtube.in
domain:youtube.hu
domain:youtube.com.jo
domain:youtube.co.hu
domain:youtube.com.au
domain:cdn-telegram.org
domain:youtube.no
domain:youtubego.id
domain:googlevideo.com
domain:youtube.ma
domain:mbrx.app
domain:youtube.nl
domain:youtube.ug
domain:youtube.pe
domain:youtube.bg
domain:youtubegaming.com
domain:youtube.co.at
domain:youtube.ie
domain:youtube.ro
domain:youtube.com.ar
domain:youtube.ni
domain:quiz.directory
domain:youtube.com.by
domain:youtube.com.ec
domain:youtube.com.pa
domain:youtube.com.ro
domain:youtube.com.lb
domain:legra.ph
domain:youtube.com.gr
domain:youtube.la
domain:youtubeeducation.com
domain:youtube.com.ly
domain:youtube.tn
domain:youtube.com.hr
domain:youtube.se
domain:youtube.cr
domain:youtube.mn
domain:youtube.com.gh
domain:usercontent.dev
domain:youtube.uy
domain:youtube.com.uy
domain:youtu.be
domain:youtube.pk
domain:youtube.be
domain:youtube.com.hk
domain:youtube.co.in
domain:youtube.co.id
domain:youtube.co.zw
domain:youtube.com.gt
domain:youtube.com.az
domain:youtube.mx
domain:youtube.de
domain:ggpht.com
domain:stel.com
domain:youtube.com.tn
domain:youtube.ly
domain:telegram.me
domain:youtubego.com
domain:youtube.ba
domain:youtube.it
domain:youtube.jo
domain:youtube-ui.l.google.com
domain:youtube.com.jm
domain:yt3.googleusercontent.com
domain:yt.be
domain:youtube.com.sa
domain:youtubekids.com
domain:wide-youtube.l.google.com
domain:telegram.org
domain:ytimg.com
domain:youtube.com.bh
domain:withyoutube.com
domain:youtube.vn
domain:youtube.gr
domain:youtube.mk
domain:youtube.co.cr
domain:youtube.sn
domain:youtube.lk
domain:youtubego.in
domain:youtube
domain:youtubego.co.in
domain:ggpht.cn
domain:youtube.md
domain:youtube.googleapis.com
domain:youtubei.googleapis.com
domain:youtube.ru
domain:graph.org
domain:youtube.hk
domain:fragment.com
domain:youtube.co.ke
domain:youtube.co.za
domain:youtube.com.pt
domain:youtube.com.ee
domain:ton.org
domain:youtube.com.bo
domain:youtube.com.mt
domain:youtube.am
domain:youtube.ae
domain:youtube.dk
domain:youtube.co
domain:youtube.at
domain:youtube.com.eg
domain:youtube.qa
domain:youtube.com.pe
domain:youtube.ee
domain:youtube.com
domain:t.me
domain:youtubemobilesupport.com
domain:youtube.my
domain:youtube.al
domain:youtube.ch
domain:telegram.dog
domain:youtube.com.mk
domain:youtube.cat
domain:youtube.soy
domain:youtube.co.il
domain:youtube.com.sg
domain:youtube.co.ve
domain:youtube.co.nz
domain:youtube.lt
domain:youtube.ua
domain:youtubego.co.id
domain:youtube.si
domain:youtube.co.jp
domain:telegram-cdn.org
domain:youtube.com.pk
domain:youtube-nocookie.com
domain:youtube.jp
domain:youtube.bo
domain:youtube.cz
domain:youtube.kz
domain:youtube.iq
domain:telesco.pe
domain:youtube.ge
domain:youtube.is
domain:youtube.ng
domain:telegram.space
domain:youtube.sg
domain:youtube.com.br
domain:youtube.bh
domain:youtube.pl
domain:youtube.cl
domain:youtube.sa
domain:youtube.ca
domain:youtube.com.ph
domain:youtube.com.ua
domain:youtube.pt
domain:youtube.com.py
domain:youtube.co.ug
domain:youtube.com.my
domain:youtube.com.ng
domain:youtube.com.bd
domain:telegramdownload.com
domain:youtube.me
domain:youtube.sk
domain:youtube.az
domain:youtube.com.qa
domain:youtubeembeddedplayer.googleapis.com
domain:youtube.com.ve
domain:youtube.kr
domain:contest.com
